
> frontend@0.0.0 build
> vite build

[36mvite v7.3.1 [32mbuilding client environment for production...[36m[39m
transforming...
[32mΓ£ô[39m 13 modules transformed.
node.exe : 
[31mΓ£ù[39m Build 
failed in 458ms
At D:\Program Files\nod
ejs\npm.ps1:29 char:3
+   & $NODE_EXE 
$NPM_CLI_JS $args
+   ~~~~~~~~~~~~~~~~~~~
~~~~~~~~~~
    + CategoryInfo     
         : NotSpecifi  
  ed: ([31mΓ£ù[39m   
  Build failed in 4    
58ms:String) [], R    
emoteException
    + FullyQualifiedEr 
   rorId : NativeComm  
  andError
 
[31merror during 
build:
[31m[vite:esbuild] 
Transform failed with 
1 error:
D:/ABB Project/simple_a
pp/frontend/src/pages/R
eports.jsx:46:20: 
ERROR: Syntax error 
"`"[31m
file: [36mD:/ABB Proje
ct/simple_app/frontend/
src/pages/Reports.jsx:4
6:20[31m
[33m
[33mSyntax error 
"`"[33m
44 |  
45 |      const 
defaultEntries = 
Array.from({ length: 8 
}).map((_, i) => ({
46 |          
hour_slot: \`Hour \${i 
+ 1}\`,
   |                   
   ^
47 |          
start_time: \`0\${9 + 
i}:00 
AM\`.replace(/0\d{2}/, 
(m) => m.slice(1)), // 
Mock times
48 |          
end_time: \`0\${10 + 
i}:00 AM\`,
[31m
    at 
failureErrorWithLog 
(D:\ABB Project\simple_
app\frontend\node_modul
es\esbuild\lib\main.js:
1467:15)
    at D:\ABB Project\s
imple_app\frontend\node
_modules\esbuild\lib\ma
in.js:736:50
    at responseCallback
s.<computed> (D:\ABB Pr
oject\simple_app\fronte
nd\node_modules\esbuild
\lib\main.js:603:9)
    at 
handleIncomingPacket 
(D:\ABB Project\simple_
app\frontend\node_modul
es\esbuild\lib\main.js:
658:12)
    at 
Socket.readFromStdout 
(D:\ABB Project\simple_
app\frontend\node_modul
es\esbuild\lib\main.js:
581:7)
    at Socket.emit 
(node:events:518:28)
    at addChunk (node:i
nternal/streams/readabl
e:561:12)
    at readableAddChunk
PushByteMode (node:inte
rnal/streams/readable:5
12:3)
    at Readable.push (n
ode:internal/streams/re
adable:392:5)
    at 
Pipe.onStreamRead (node
:internal/stream_base_c
ommons:189:23)[39m
